******************************************************************************
                  TI ARM Linker Unix v20.2.7                   
******************************************************************************
>> Linked Sat Feb  7 15:14:34 2026

OUTPUT FILE NAME:   <Versy_V1.out>
ENTRY POINT SYMBOL: "_c_int00_noargs"  address: 0000285d


MEMORY CONFIGURATION

         name            origin    length      used     unused   attr    fill
----------------------  --------  ---------  --------  --------  ----  --------
  MAIN                  00000000   00040000  00002aa5  0003d55b  R  X
  INFO                  00200000   00004000  00000000  00004000  R  X
  SRAM_CODE             01000000   00010000  00000214  0000fdec  RW X
  SRAM_DATA             20000000   00010000  00000214  0000fdec  RW  


SEGMENT ALLOCATION MAP

run origin  load origin   length   init length attrs members
----------  ----------- ---------- ----------- ----- -------
00000000    00000000    00002aac   00002aac    r-x
  00000000    00000000    000000e4   000000e4    r-- .intvecs
  000000e4    000000e4    0000289c   0000289c    r-x .text
  00002980    00002980    00000101   00000101    r-- .const
  00002a88    00002a88    00000024   00000024    r-- .cinit
20000000    20000000    00000014   00000000    rw-
  20000000    20000000    00000014   00000000    rw- .data
2000fe00    2000fe00    00000200   00000000    rw-
  2000fe00    2000fe00    00000200   00000000    rw- .stack


SECTION ALLOCATION MAP

 output                                  attributes/
section   page    origin      length       input sections
--------  ----  ----------  ----------   ----------------
.intvecs   0    00000000    000000e4     
                  00000000    000000e4     startup_msp432p401r_ccs.obj (.intvecs:retain)

.text      0    000000e4    0000289c     
                  000000e4    00000a4e     rtsv7M4_T_le_v4SPD16_eabi.lib : _printfi.c.obj (.text:__TI_printfi)
                  00000b32    00000002                                   : div0.asm.obj (.text)
                  00000b34    00000430     mc33926_driver.obj (.text)
                  00000f64    00000334     system_msp432p401r.obj (.text)
                  00001298    00000330     main.obj (.text)
                  000015c8    00000270     rtsv7M4_T_le_v4SPD16_eabi.lib : _printfi.c.obj (.text:_pconv_a)
                  00001838    000001d0                                   : _printfi.c.obj (.text:_pconv_g)
                  00001a08    000001b6                                   : fd_add_t2.asm.obj (.text)
                  00001bbe    00000002     --HOLE-- [fill = 0]
                  00001bc0    0000013c                                   : _printfi.c.obj (.text:_pconv_e)
                  00001cfc    00000136                                   : fd_div_t2.asm.obj (.text)
                  00001e32    00000002     --HOLE-- [fill = 0]
                  00001e34    00000124                                   : _printfi.c.obj (.text:fcvt)
                  00001f58    00000110                                   : s_scalbn.c.obj (.text:scalbn)
                  00002068    000000fc                                   : fd_mul_t2.asm.obj (.text)
                  00002164    000000b1                                   : _printfi.c.obj (.text:_ltostr)
                  00002215    00000001     --HOLE-- [fill = 0]
                  00002216    0000009c                                   : memcpy_t2.asm.obj (.text)
                  000022b2    00000096                                   : ull_div_t2.asm.obj (.text)
                  00002348    00000086                                   : fd_cmp_t2.asm.obj (.text:__aeabi_cdcmple)
                  000023ce    00000086                                   : fd_cmp_t2.asm.obj (.text:__aeabi_cdrcmple)
                  00002454    0000007a                                   : memset_t2.asm.obj (.text)
                  000024ce    0000006e                                   : _printfi.c.obj (.text:_mcpy)
                  0000253c    00000068                                   : copy_decompress_lzss.c.obj (.text:decompress:lzss:__TI_decompress_lzss)
                  000025a4    00000064                                   : s_frexp.c.obj (.text:frexp)
                  00002608    00000056                                   : _printfi.c.obj (.text:_pconv_f)
                  0000265e    00000054                                   : _ltoa.c.obj (.text:__TI_ltoa)
                  000026b2    00000052                                   : _printfi.c.obj (.text:_ecpy)
                  00002704    0000004c                                   : atoi.c.obj (.text:atoi)
                  00002750    00000048                                   : fd_toi_t2.asm.obj (.text)
                  00002798    00000044                                   : autoinit.c.obj (.text:__TI_auto_init_nobinit_nopinit:__TI_auto_init_nobinit_nopinit)
                  000027dc    00000040                                   : sprintf.c.obj (.text:sprintf)
                  0000281c    0000003e                                   : _printfi.c.obj (.text:_fcpy)
                  0000285a    00000002     --HOLE-- [fill = 0]
                  0000285c    00000034                                   : boot_cortex_m.c.obj (.text:_c_int00_noargs:_c_int00_noargs)
                  00002890    0000002e                                   : i_tofd_t2.asm.obj (.text)
                  000028be    0000001c                                   : memccpy.c.obj (.text:memccpy)
                  000028da    0000001a                                   : s_copysign.c.obj (.text:copysign)
                  000028f4    00000018                                   : sprintf.c.obj (.text:_outs)
                  0000290c    00000016                                   : strchr.c.obj (.text:strchr)
                  00002922    00000014                                   : strlen.c.obj (.text:strlen)
                  00002936    00000012                                   : wcslen.c.obj (.text:wcslen)
                  00002948    0000000e                                   : copy_decompress_none.c.obj (.text:decompress:none:__TI_decompress_none)
                  00002956    0000000e     startup_msp432p401r_ccs.obj (.text)
                  00002964    0000000a     rtsv7M4_T_le_v4SPD16_eabi.lib : sprintf.c.obj (.text:_outc)
                  0000296e    00000002     --HOLE-- [fill = 0]
                  00002970    00000008                                   : errno.c.obj (.text:__aeabi_errno_addr)
                  00002978    00000004                                   : pre_init.c.obj (.text:_system_pre_init)
                  0000297c    00000004                                   : exit.c.obj (.text:abort:abort)

.const     0    00002980    00000101     
                  00002980    00000101     rtsv7M4_T_le_v4SPD16_eabi.lib : ctype.c.obj (.const:.string:_ctypes_)

.cinit     0    00002a88    00000024     
                  00002a88    00000011     (.cinit..data.load) [load image, compression = lzss]
                  00002a99    00000003     --HOLE-- [fill = 0]
                  00002a9c    00000008     (__TI_handler_table)
                  00002aa4    00000008     (__TI_cinit_table)

.init_array 
*          0    00000000    00000000     UNINITIALIZED

.binit     0    00000000    00000000     

.data      0    20000000    00000014     UNINITIALIZED
                  20000000    0000000a     main.obj (.data)
                  2000000a    00000002     --HOLE--
                  2000000c    00000004     rtsv7M4_T_le_v4SPD16_eabi.lib : errno.c.obj (.data)
                  20000010    00000004     system_msp432p401r.obj (.data)

.stack     0    2000fe00    00000200     UNINITIALIZED
                  2000fe00    00000004     rtsv7M4_T_le_v4SPD16_eabi.lib : boot_cortex_m.c.obj (.stack)
                  2000fe04    000001fc     --HOLE--

__llvm_prf_cnts 
*          0    20000000    00000000     UNINITIALIZED

MODULE SUMMARY

       Module                        code    ro data   rw data
       ------                        ----    -------   -------
    ./
       main.obj                      816     0         20     
       system_msp432p401r.obj        820     0         8      
       startup_msp432p401r_ccs.obj   14      228       0      
    +--+-----------------------------+-------+---------+---------+
       Total:                        1650    228       28     
                                                              
    ./motor_driver/
       mc33926_driver.obj            1072    0         0      
    +--+-----------------------------+-------+---------+---------+
       Total:                        1072    0         0      
                                                              
    /home/daniele/ti/ccs1280/ccs/tools/compiler/ti-cgt-arm_20.2.7.LTS/lib/rtsv7M4_T_le_v4SPD16_eabi.lib
       _printfi.c.obj                4851    0         0      
       fd_add_t2.asm.obj             438     0         0      
       fd_div_t2.asm.obj             310     0         0      
       s_scalbn.c.obj                272     0         0      
       fd_cmp_t2.asm.obj             268     0         0      
       ctype.c.obj                   0       257       0      
       fd_mul_t2.asm.obj             252     0         0      
       memcpy_t2.asm.obj             156     0         0      
       ull_div_t2.asm.obj            150     0         0      
       memset_t2.asm.obj             122     0         0      
       copy_decompress_lzss.c.obj    104     0         0      
       s_frexp.c.obj                 100     0         0      
       sprintf.c.obj                 98      0         0      
       _ltoa.c.obj                   84      0         0      
       atoi.c.obj                    76      0         0      
       fd_toi_t2.asm.obj             72      0         0      
       autoinit.c.obj                68      0         0      
       boot_cortex_m.c.obj           52      0         0      
       i_tofd_t2.asm.obj             46      0         0      
       memccpy.c.obj                 28      0         0      
       s_copysign.c.obj              26      0         0      
       strchr.c.obj                  22      0         0      
       strlen.c.obj                  20      0         0      
       wcslen.c.obj                  18      0         0      
       errno.c.obj                   8       0         8      
       copy_decompress_none.c.obj    14      0         0      
       exit.c.obj                    4       0         0      
       pre_init.c.obj                4       0         0      
       div0.asm.obj                  2       0         0      
    +--+-----------------------------+-------+---------+---------+
       Total:                        7665    257       8      
                                                              
       Stack:                        0       0         1024   
       Linker Generated:             0       33        0      
    +--+-----------------------------+-------+---------+---------+
       Grand Total:                  10387   518       1060   


LINKER GENERATED COPY TABLES

__TI_cinit_table @ 00002aa4 records: 1, size/record: 8, table size: 8
	.data: load addr=00002a88, load size=00000011 bytes, run addr=20000000, run size=00000014 bytes, compression=lzss


LINKER GENERATED HANDLER TABLE

__TI_handler_table @ 00002a9c records: 2, size/record: 4, table size: 8
	index: 0, handler: __TI_decompress_lzss
	index: 1, handler: __TI_decompress_none


GLOBAL SYMBOLS: SORTED ALPHABETICALLY BY Name 

address   name                          
-------   ----                          
00002963  ADC14_IRQHandler              
00002963  AES256_IRQHandler             
00002963  BusFault_Handler              
0000297d  C$$EXIT                       
00002963  COMP_E0_IRQHandler            
00002963  COMP_E1_IRQHandler            
00002963  CS_IRQHandler                 
00002963  DMA_ERR_IRQHandler            
00002963  DMA_INT0_IRQHandler           
00002963  DMA_INT1_IRQHandler           
00002963  DMA_INT2_IRQHandler           
00002963  DMA_INT3_IRQHandler           
00002963  DebugMon_Handler              
00002963  Default_Handler               
00002963  EUSCIA0_IRQHandler            
00002963  EUSCIA1_IRQHandler            
00002963  EUSCIA2_IRQHandler            
00002963  EUSCIA3_IRQHandler            
000014bd  EUSCIB0_IRQHandler            
000014bd  EUSCIB0_IRQHandler            
00002963  EUSCIB1_IRQHandler            
00002963  EUSCIB2_IRQHandler            
00002963  EUSCIB3_IRQHandler            
00002963  FLCTL_IRQHandler              
00002963  FPU_IRQHandler                
00002963  HardFault_Handler             
00000efd  MC33926_Disable               
00000ee5  MC33926_Enable                
00000ed1  MC33926_GetFault              
00000e71  MC33926_GetMotor1Current      
00000e91  MC33926_GetMotor2Current      
00000eb1  MC33926_GetMotor3Current      
00000b35  MC33926_Init                  
00000c83  MC33926_SetMotor1Speed        
00000cf9  MC33926_SetMotor2Speed        
00000d6f  MC33926_SetMotor3Speed        
00000e15  MC33926_SetSpeeds             
00002963  MemManage_Handler             
00002963  NMI_Handler                   
00002963  PCM_IRQHandler                
00002963  PORT1_IRQHandler              
00002963  PORT2_IRQHandler              
00002963  PORT3_IRQHandler              
00002963  PORT4_IRQHandler              
00002963  PORT5_IRQHandler              
00002963  PORT6_IRQHandler              
00002963  PSS_IRQHandler                
00002963  PendSV_Handler                
00002963  RTC_C_IRQHandler              
00002957  Reset_Handler                 
00002963  SVC_Handler                   
00002963  SysTick_Handler               
20000010  SystemCoreClock               
00000f65  SystemCoreClockUpdate         
000011dd  SystemInit                    
00002963  T32_INT1_IRQHandler           
00002963  T32_INT2_IRQHandler           
00002963  T32_INTC_IRQHandler           
00002963  TA0_0_IRQHandler              
00002963  TA0_N_IRQHandler              
00002963  TA1_0_IRQHandler              
00002963  TA1_N_IRQHandler              
00002963  TA2_0_IRQHandler              
00002963  TA2_N_IRQHandler              
00002963  TA3_0_IRQHandler              
00002963  TA3_N_IRQHandler              
00002963  UsageFault_Handler            
4000480c  WDTCTL_SYM                    
00002963  WDT_A_IRQHandler              
20010000  __STACK_END                   
00000200  __STACK_SIZE                  
00002aa4  __TI_CINIT_Base               
00002aac  __TI_CINIT_Limit              
00002a9c  __TI_Handler_Table_Base       
00002aa4  __TI_Handler_Table_Limit      
00002799  __TI_auto_init_nobinit_nopinit
0000253d  __TI_decompress_lzss          
00002949  __TI_decompress_none          
0000265f  __TI_ltoa                     
ffffffff  __TI_pprof_out_hndl           
000000e5  __TI_printfi                  
ffffffff  __TI_prof_data_size           
ffffffff  __TI_prof_data_start          
00000000  __TI_static_base__            
00002349  __aeabi_cdcmpeq               
00002349  __aeabi_cdcmple               
000023cf  __aeabi_cdrcmple              
00002751  __aeabi_d2iz                  
00001a13  __aeabi_dadd                  
00001cfd  __aeabi_ddiv                  
00002069  __aeabi_dmul                  
00001a09  __aeabi_dsub                  
00002971  __aeabi_errno_addr            
00002891  __aeabi_i2d                   
00000b33  __aeabi_idiv0                 
00000b33  __aeabi_ldiv0                 
00002455  __aeabi_memclr                
00002455  __aeabi_memclr4               
00002455  __aeabi_memclr8               
00002217  __aeabi_memcpy                
00002217  __aeabi_memcpy4               
00002217  __aeabi_memcpy8               
00002457  __aeabi_memset                
00002457  __aeabi_memset4               
00002457  __aeabi_memset8               
000022b3  __aeabi_uldivmod              
ffffffff  __binit__                     
ffffffff  __c_args__                    
UNDEFED   __mpu_init                    
2000fe00  __stack                       
20000000  __start___llvm_prf_cnts       
20000000  __stop___llvm_prf_cnts        
0000285d  _c_int00_noargs               
00002980  _ctypes_                      
UNDEFED   _system_post_cinit            
00002979  _system_pre_init              
0000297d  abort                         
00002705  atoi                          
ffffffff  binit                         
20000004  byte_count                    
000028db  copysign                      
000028db  copysignl                     
20000006  debug_motor                   
20000005  debug_ready                   
20000008  debug_value                   
2000000c  errno                         
000025a5  frexp                         
000025a5  frexpl                        
00000000  interruptVectors              
00001f59  ldexp                         
00001f59  ldexpl                        
00001303  main                          
000028bf  memccpy                       
00002217  memcpy                        
0000245d  memset                        
20000000  n_motore                      
00001f59  scalbn                        
00001f59  scalbnl                       
000027dd  sprintf                       
0000290d  strchr                        
00002923  strlen                        
20000002  value                         
00002937  wcslen                        


GLOBAL SYMBOLS: SORTED BY Symbol Address 

address   name                          
-------   ----                          
00000000  __TI_static_base__            
00000000  interruptVectors              
000000e5  __TI_printfi                  
00000200  __STACK_SIZE                  
00000b33  __aeabi_idiv0                 
00000b33  __aeabi_ldiv0                 
00000b35  MC33926_Init                  
00000c83  MC33926_SetMotor1Speed        
00000cf9  MC33926_SetMotor2Speed        
00000d6f  MC33926_SetMotor3Speed        
00000e15  MC33926_SetSpeeds             
00000e71  MC33926_GetMotor1Current      
00000e91  MC33926_GetMotor2Current      
00000eb1  MC33926_GetMotor3Current      
00000ed1  MC33926_GetFault              
00000ee5  MC33926_Enable                
00000efd  MC33926_Disable               
00000f65  SystemCoreClockUpdate         
000011dd  SystemInit                    
00001303  main                          
000014bd  EUSCIB0_IRQHandler            
000014bd  EUSCIB0_IRQHandler            
00001a09  __aeabi_dsub                  
00001a13  __aeabi_dadd                  
00001cfd  __aeabi_ddiv                  
00001f59  ldexp                         
00001f59  ldexpl                        
00001f59  scalbn                        
00001f59  scalbnl                       
00002069  __aeabi_dmul                  
00002217  __aeabi_memcpy                
00002217  __aeabi_memcpy4               
00002217  __aeabi_memcpy8               
00002217  memcpy                        
000022b3  __aeabi_uldivmod              
00002349  __aeabi_cdcmpeq               
00002349  __aeabi_cdcmple               
000023cf  __aeabi_cdrcmple              
00002455  __aeabi_memclr                
00002455  __aeabi_memclr4               
00002455  __aeabi_memclr8               
00002457  __aeabi_memset                
00002457  __aeabi_memset4               
00002457  __aeabi_memset8               
0000245d  memset                        
0000253d  __TI_decompress_lzss          
000025a5  frexp                         
000025a5  frexpl                        
0000265f  __TI_ltoa                     
00002705  atoi                          
00002751  __aeabi_d2iz                  
00002799  __TI_auto_init_nobinit_nopinit
000027dd  sprintf                       
0000285d  _c_int00_noargs               
00002891  __aeabi_i2d                   
000028bf  memccpy                       
000028db  copysign                      
000028db  copysignl                     
0000290d  strchr                        
00002923  strlen                        
00002937  wcslen                        
00002949  __TI_decompress_none          
00002957  Reset_Handler                 
00002963  ADC14_IRQHandler              
00002963  AES256_IRQHandler             
00002963  BusFault_Handler              
00002963  COMP_E0_IRQHandler            
00002963  COMP_E1_IRQHandler            
00002963  CS_IRQHandler                 
00002963  DMA_ERR_IRQHandler            
00002963  DMA_INT0_IRQHandler           
00002963  DMA_INT1_IRQHandler           
00002963  DMA_INT2_IRQHandler           
00002963  DMA_INT3_IRQHandler           
00002963  DebugMon_Handler              
00002963  Default_Handler               
00002963  EUSCIA0_IRQHandler            
00002963  EUSCIA1_IRQHandler            
00002963  EUSCIA2_IRQHandler            
00002963  EUSCIA3_IRQHandler            
00002963  EUSCIB1_IRQHandler            
00002963  EUSCIB2_IRQHandler            
00002963  EUSCIB3_IRQHandler            
00002963  FLCTL_IRQHandler              
00002963  FPU_IRQHandler                
00002963  HardFault_Handler             
00002963  MemManage_Handler             
00002963  NMI_Handler                   
00002963  PCM_IRQHandler                
00002963  PORT1_IRQHandler              
00002963  PORT2_IRQHandler              
00002963  PORT3_IRQHandler              
00002963  PORT4_IRQHandler              
00002963  PORT5_IRQHandler              
00002963  PORT6_IRQHandler              
00002963  PSS_IRQHandler                
00002963  PendSV_Handler                
00002963  RTC_C_IRQHandler              
00002963  SVC_Handler                   
00002963  SysTick_Handler               
00002963  T32_INT1_IRQHandler           
00002963  T32_INT2_IRQHandler           
00002963  T32_INTC_IRQHandler           
00002963  TA0_0_IRQHandler              
00002963  TA0_N_IRQHandler              
00002963  TA1_0_IRQHandler              
00002963  TA1_N_IRQHandler              
00002963  TA2_0_IRQHandler              
00002963  TA2_N_IRQHandler              
00002963  TA3_0_IRQHandler              
00002963  TA3_N_IRQHandler              
00002963  UsageFault_Handler            
00002963  WDT_A_IRQHandler              
00002971  __aeabi_errno_addr            
00002979  _system_pre_init              
0000297d  C$$EXIT                       
0000297d  abort                         
00002980  _ctypes_                      
00002a9c  __TI_Handler_Table_Base       
00002aa4  __TI_CINIT_Base               
00002aa4  __TI_Handler_Table_Limit      
00002aac  __TI_CINIT_Limit              
20000000  __start___llvm_prf_cnts       
20000000  __stop___llvm_prf_cnts        
20000000  n_motore                      
20000002  value                         
20000004  byte_count                    
20000005  debug_ready                   
20000006  debug_motor                   
20000008  debug_value                   
2000000c  errno                         
20000010  SystemCoreClock               
2000fe00  __stack                       
20010000  __STACK_END                   
4000480c  WDTCTL_SYM                    
ffffffff  __TI_pprof_out_hndl           
ffffffff  __TI_prof_data_size           
ffffffff  __TI_prof_data_start          
ffffffff  __binit__                     
ffffffff  __c_args__                    
ffffffff  binit                         
UNDEFED   __mpu_init                    
UNDEFED   _system_post_cinit            

[143 symbols]
